Archive member included because of file (symbol)

c:/winavr/bin/../lib/gcc/avr/4.3.3/avr5\libgcc.a(_exit.o)
                              c:/winavr/bin/../lib/gcc/avr/4.3.3/../../../../avr/lib/avr5/crtm644pa.o (exit)
c:/winavr/bin/../lib/gcc/avr/4.3.3/avr5\libgcc.a(_copy_data.o)
                              ./main.o (__do_copy_data)
c:/winavr/bin/../lib/gcc/avr/4.3.3/avr5\libgcc.a(_clear_bss.o)
                              ./NRF24L01/mirf.o (__do_clear_bss)
c:/winavr/bin/../lib/gcc/avr/4.3.3/../../../../avr/lib/avr5\libc.a(itoa.o)
                              ./MKUART/mkuart.o (itoa)
c:/winavr/bin/../lib/gcc/avr/4.3.3/../../../../avr/lib/avr5\libc.a(strrev.o)
                              c:/winavr/bin/../lib/gcc/avr/4.3.3/../../../../avr/lib/avr5\libc.a(itoa.o) (strrev)
c:/winavr/bin/../lib/gcc/avr/4.3.3/avr5\libgcc.a(_udivmodhi4.o)
                              c:/winavr/bin/../lib/gcc/avr/4.3.3/../../../../avr/lib/avr5\libc.a(itoa.o) (__udivmodhi4)

Allocating common symbols
Common symbol       size              file

nadaj_buf           0xa               ./main.o
UART_TxBuf1         0x10              ./MKUART/mkuart.o
UART_RxTail1        0x1               ./MKUART/mkuart.o
PTX                 0x1               ./NRF24L01/mirf.o
odebrany_buf        0x10              ./main.o
UART_RxHead1        0x1               ./MKUART/mkuart.o
UART_TxBuf0         0x10              ./MKUART/mkuart.o
UART_RxBuf1         0x20              ./MKUART/mkuart.o
UART_TxHead0        0x1               ./MKUART/mkuart.o
UART_TxTail1        0x1               ./MKUART/mkuart.o
UART_RxTail0        0x1               ./MKUART/mkuart.o
UART_RxHead0        0x1               ./MKUART/mkuart.o
UART_TxTail0        0x1               ./MKUART/mkuart.o
UART_RxBuf0         0x20              ./MKUART/mkuart.o
UART_TxHead1        0x1               ./MKUART/mkuart.o

Memory Configuration

Name             Origin             Length             Attributes
text             0x00000000         0x00020000         xr
data             0x00800060         0x0000ffa0         rw !x
eeprom           0x00810000         0x00010000         rw !x
fuse             0x00820000         0x00000400         rw !x
lock             0x00830000         0x00000400         rw !x
signature        0x00840000         0x00000400         rw !x
*default*        0x00000000         0xffffffff

Linker script and memory map

Address of section .data set to 0x800100
LOAD c:/winavr/bin/../lib/gcc/avr/4.3.3/../../../../avr/lib/avr5/crtm644pa.o
LOAD ./SPI/spi.o
LOAD ./NRF24L01/mirf.o
LOAD ./MKUART/mkuart.o
LOAD ./main.o
LOAD c:/winavr/bin/../lib/gcc/avr/4.3.3/avr5\libgcc.a
LOAD c:/winavr/bin/../lib/gcc/avr/4.3.3/../../../../avr/lib/avr5\libc.a
LOAD c:/winavr/bin/../lib/gcc/avr/4.3.3/avr5\libgcc.a

.hash
 *(.hash)

.dynsym
 *(.dynsym)

.dynstr
 *(.dynstr)

.gnu.version
 *(.gnu.version)

.gnu.version_d
 *(.gnu.version_d)

.gnu.version_r
 *(.gnu.version_r)

.rel.init
 *(.rel.init)

.rela.init
 *(.rela.init)

.rel.text
 *(.rel.text)
 *(.rel.text.*)
 *(.rel.gnu.linkonce.t*)

.rela.text
 *(.rela.text)
 *(.rela.text.*)
 *(.rela.gnu.linkonce.t*)

.rel.fini
 *(.rel.fini)

.rela.fini
 *(.rela.fini)

.rel.rodata
 *(.rel.rodata)
 *(.rel.rodata.*)
 *(.rel.gnu.linkonce.r*)

.rela.rodata
 *(.rela.rodata)
 *(.rela.rodata.*)
 *(.rela.gnu.linkonce.r*)

.rel.data
 *(.rel.data)
 *(.rel.data.*)
 *(.rel.gnu.linkonce.d*)

.rela.data
 *(.rela.data)
 *(.rela.data.*)
 *(.rela.gnu.linkonce.d*)

.rel.ctors
 *(.rel.ctors)

.rela.ctors
 *(.rela.ctors)

.rel.dtors
 *(.rel.dtors)

.rela.dtors
 *(.rela.dtors)

.rel.got
 *(.rel.got)

.rela.got
 *(.rela.got)

.rel.bss
 *(.rel.bss)

.rela.bss
 *(.rela.bss)

.rel.plt
 *(.rel.plt)

.rela.plt
 *(.rela.plt)

.text           0x00000000      0x6be
 *(.vectors)
 .vectors       0x00000000       0x7c c:/winavr/bin/../lib/gcc/avr/4.3.3/../../../../avr/lib/avr5/crtm644pa.o
                0x00000000                __vectors
                0x00000000                __vector_default
 *(.vectors)
 *(.progmem.gcc*)
 *(.progmem*)
                0x0000007c                . = ALIGN (0x2)
                0x0000007c                __trampolines_start = .
 *(.trampolines)
 .trampolines   0x0000007c        0x0 linker stubs
 *(.trampolines*)
                0x0000007c                __trampolines_end = .
 *(.jumptables)
 *(.jumptables*)
 *(.lowtext)
 *(.lowtext*)
                0x0000007c                __ctors_start = .
 *(.ctors)
                0x0000007c                __ctors_end = .
                0x0000007c                __dtors_start = .
 *(.dtors)
                0x0000007c                __dtors_end = .
 SORT(*)(.ctors)
 SORT(*)(.dtors)
 *(.init0)
 .init0         0x0000007c        0x0 c:/winavr/bin/../lib/gcc/avr/4.3.3/../../../../avr/lib/avr5/crtm644pa.o
                0x0000007c                __init
 *(.init0)
 *(.init1)
 *(.init1)
 *(.init2)
 .init2         0x0000007c        0xc c:/winavr/bin/../lib/gcc/avr/4.3.3/../../../../avr/lib/avr5/crtm644pa.o
 *(.init2)
 *(.init3)
 *(.init3)
 *(.init4)
 .init4         0x00000088       0x16 c:/winavr/bin/../lib/gcc/avr/4.3.3/avr5\libgcc.a(_copy_data.o)
                0x00000088                __do_copy_data
 .init4         0x0000009e       0x10 c:/winavr/bin/../lib/gcc/avr/4.3.3/avr5\libgcc.a(_clear_bss.o)
                0x0000009e                __do_clear_bss
 *(.init4)
 *(.init5)
 *(.init5)
 *(.init6)
 *(.init6)
 *(.init7)
 *(.init7)
 *(.init8)
 *(.init8)
 *(.init9)
 .init9         0x000000ae        0x8 c:/winavr/bin/../lib/gcc/avr/4.3.3/../../../../avr/lib/avr5/crtm644pa.o
 *(.init9)
 *(.text)
 .text          0x000000b6        0x4 c:/winavr/bin/../lib/gcc/avr/4.3.3/../../../../avr/lib/avr5/crtm644pa.o
                0x000000b6                __vector_22
                0x000000b6                __vector_1
                0x000000b6                __vector_24
                0x000000b6                __vector_12
                0x000000b6                __bad_interrupt
                0x000000b6                __vector_6
                0x000000b6                __vector_3
                0x000000b6                __vector_23
                0x000000b6                __vector_30
                0x000000b6                __vector_25
                0x000000b6                __vector_11
                0x000000b6                __vector_13
                0x000000b6                __vector_17
                0x000000b6                __vector_19
                0x000000b6                __vector_27
                0x000000b6                __vector_5
                0x000000b6                __vector_4
                0x000000b6                __vector_9
                0x000000b6                __vector_2
                0x000000b6                __vector_15
                0x000000b6                __vector_8
                0x000000b6                __vector_26
                0x000000b6                __vector_14
                0x000000b6                __vector_10
                0x000000b6                __vector_16
                0x000000b6                __vector_18
 .text          0x000000ba       0x60 ./SPI/spi.o
                0x000000ba                spi_init
                0x000000c4                spi_transfer
                0x0000010e                spi_fast_shift
                0x000000f4                spi_transmit
 .text          0x0000011a      0x19c ./NRF24L01/mirf.o
                0x0000014a                mirf_config
                0x00000268                mirf_read_register
                0x0000011a                mirf_init
                0x0000024c                mirf_set_TADDR
                0x00000258                mirf_set_RADDR
                0x00000226                mirf_write_register
                0x00000178                __vector_7
                0x0000016a                mirf_data_ready
                0x0000028e                mirf_get_data
                0x000001e6                mirf_send
                0x00000130                mirf_config_register
 .text          0x000002b6      0x296 ./MKUART/mkuart.o
                0x000004c6                __vector_28
                0x00000364                uart_puts
                0x0000050a                uart_putint
                0x000002bc                USART_Init
                0x0000042c                uart_getc
                0x00000306                uart_putc
                0x0000037c                __vector_21
                0x000003d4                __vector_29
                0x000002b6                uart_set
                0x00000482                __vector_20
 .text          0x0000054c       0xe4 ./main.o
                0x0000054c                main
 .text          0x00000630        0x0 c:/winavr/bin/../lib/gcc/avr/4.3.3/avr5\libgcc.a(_exit.o)
 .text          0x00000630        0x0 c:/winavr/bin/../lib/gcc/avr/4.3.3/avr5\libgcc.a(_copy_data.o)
 .text          0x00000630        0x0 c:/winavr/bin/../lib/gcc/avr/4.3.3/avr5\libgcc.a(_clear_bss.o)
 .text          0x00000630        0x0 c:/winavr/bin/../lib/gcc/avr/4.3.3/../../../../avr/lib/avr5\libc.a(itoa.o)
 .text          0x00000630        0x0 c:/winavr/bin/../lib/gcc/avr/4.3.3/../../../../avr/lib/avr5\libc.a(strrev.o)
 .text          0x00000630        0x0 c:/winavr/bin/../lib/gcc/avr/4.3.3/avr5\libgcc.a(_udivmodhi4.o)
                0x00000630                . = ALIGN (0x2)
 *(.text.*)
 .text.libgcc   0x00000630        0x0 c:/winavr/bin/../lib/gcc/avr/4.3.3/avr5\libgcc.a(_exit.o)
 .text.libgcc   0x00000630        0x0 c:/winavr/bin/../lib/gcc/avr/4.3.3/avr5\libgcc.a(_copy_data.o)
 .text.libgcc   0x00000630        0x0 c:/winavr/bin/../lib/gcc/avr/4.3.3/avr5\libgcc.a(_clear_bss.o)
 .text.avr-libc
                0x00000630       0x42 c:/winavr/bin/../lib/gcc/avr/4.3.3/../../../../avr/lib/avr5\libc.a(itoa.o)
                0x00000630                itoa
 .text.avr-libc
                0x00000672       0x20 c:/winavr/bin/../lib/gcc/avr/4.3.3/../../../../avr/lib/avr5\libc.a(strrev.o)
                0x00000672                strrev
 .text.libgcc   0x00000692       0x28 c:/winavr/bin/../lib/gcc/avr/4.3.3/avr5\libgcc.a(_udivmodhi4.o)
                0x00000692                __udivmodhi4
                0x000006ba                . = ALIGN (0x2)
 *(.fini9)
 .fini9         0x000006ba        0x0 c:/winavr/bin/../lib/gcc/avr/4.3.3/avr5\libgcc.a(_exit.o)
                0x000006ba                exit
                0x000006ba                _exit
 *(.fini9)
 *(.fini8)
 *(.fini8)
 *(.fini7)
 *(.fini7)
 *(.fini6)
 *(.fini6)
 *(.fini5)
 *(.fini5)
 *(.fini4)
 *(.fini4)
 *(.fini3)
 *(.fini3)
 *(.fini2)
 *(.fini2)
 *(.fini1)
 *(.fini1)
 *(.fini0)
 .fini0         0x000006ba        0x4 c:/winavr/bin/../lib/gcc/avr/4.3.3/avr5\libgcc.a(_exit.o)
 *(.fini0)
                0x000006be                _etext = .

.data           0x00800100       0x18 load address 0x000006be
                0x00800100                PROVIDE (__data_start, .)
 *(.data)
 .data          0x00800100        0x0 c:/winavr/bin/../lib/gcc/avr/4.3.3/../../../../avr/lib/avr5/crtm644pa.o
 .data          0x00800100        0x0 ./SPI/spi.o
 .data          0x00800100        0x0 ./NRF24L01/mirf.o
 .data          0x00800100        0x0 ./MKUART/mkuart.o
 .data          0x00800100       0x17 ./main.o
 .data          0x00800117        0x0 c:/winavr/bin/../lib/gcc/avr/4.3.3/avr5\libgcc.a(_exit.o)
 .data          0x00800117        0x0 c:/winavr/bin/../lib/gcc/avr/4.3.3/avr5\libgcc.a(_copy_data.o)
 .data          0x00800117        0x0 c:/winavr/bin/../lib/gcc/avr/4.3.3/avr5\libgcc.a(_clear_bss.o)
 .data          0x00800117        0x0 c:/winavr/bin/../lib/gcc/avr/4.3.3/../../../../avr/lib/avr5\libc.a(itoa.o)
 .data          0x00800117        0x0 c:/winavr/bin/../lib/gcc/avr/4.3.3/../../../../avr/lib/avr5\libc.a(strrev.o)
 .data          0x00800117        0x0 c:/winavr/bin/../lib/gcc/avr/4.3.3/avr5\libgcc.a(_udivmodhi4.o)
 *(.data*)
 *(.rodata)
 *(.rodata*)
 *(.gnu.linkonce.d*)
                0x00800118                . = ALIGN (0x2)
 *fill*         0x00800117        0x1 00
                0x00800118                _edata = .
                0x00800118                PROVIDE (__data_end, .)

.bss            0x00800118       0x84
                0x00800118                PROVIDE (__bss_start, .)
 *(.bss)
 .bss           0x00800118        0x0 c:/winavr/bin/../lib/gcc/avr/4.3.3/../../../../avr/lib/avr5/crtm644pa.o
 .bss           0x00800118        0x0 ./SPI/spi.o
 .bss           0x00800118        0x0 ./NRF24L01/mirf.o
 .bss           0x00800118        0x1 ./MKUART/mkuart.o
                0x00800118                uart
 .bss           0x00800119        0x0 ./main.o
 .bss           0x00800119        0x0 c:/winavr/bin/../lib/gcc/avr/4.3.3/avr5\libgcc.a(_exit.o)
 .bss           0x00800119        0x0 c:/winavr/bin/../lib/gcc/avr/4.3.3/avr5\libgcc.a(_copy_data.o)
 .bss           0x00800119        0x0 c:/winavr/bin/../lib/gcc/avr/4.3.3/avr5\libgcc.a(_clear_bss.o)
 .bss           0x00800119        0x0 c:/winavr/bin/../lib/gcc/avr/4.3.3/../../../../avr/lib/avr5\libc.a(itoa.o)
 .bss           0x00800119        0x0 c:/winavr/bin/../lib/gcc/avr/4.3.3/../../../../avr/lib/avr5\libc.a(strrev.o)
 .bss           0x00800119        0x0 c:/winavr/bin/../lib/gcc/avr/4.3.3/avr5\libgcc.a(_udivmodhi4.o)
 *(.bss*)
 *(COMMON)
 COMMON         0x00800119        0x1 ./NRF24L01/mirf.o
                0x00800119                PTX
 COMMON         0x0080011a       0x68 ./MKUART/mkuart.o
                0x0080011a                UART_TxBuf1
                0x0080012a                UART_RxTail1
                0x0080012b                UART_RxHead1
                0x0080012c                UART_TxBuf0
                0x0080013c                UART_RxBuf1
                0x0080015c                UART_TxHead0
                0x0080015d                UART_TxTail1
                0x0080015e                UART_RxTail0
                0x0080015f                UART_RxHead0
                0x00800160                UART_TxTail0
                0x00800161                UART_RxBuf0
                0x00800181                UART_TxHead1
 COMMON         0x00800182       0x1a ./main.o
                0x00800182                nadaj_buf
                0x0080018c                odebrany_buf
                0x0080019c                PROVIDE (__bss_end, .)
                0x000006be                __data_load_start = LOADADDR (.data)
                0x000006d6                __data_load_end = (__data_load_start + SIZEOF (.data))

.noinit         0x0080019c        0x0
                0x0080019c                PROVIDE (__noinit_start, .)
 *(.noinit*)
                0x0080019c                PROVIDE (__noinit_end, .)
                0x0080019c                _end = .
                0x0080019c                PROVIDE (__heap_start, .)

.eeprom         0x00810000        0x0
 *(.eeprom*)
                0x00810000                __eeprom_end = .

.fuse
 *(.fuse)
 *(.lfuse)
 *(.hfuse)
 *(.efuse)

.lock
 *(.lock*)

.signature
 *(.signature*)

.stab
 *(.stab)

.stabstr
 *(.stabstr)

.stab.excl
 *(.stab.excl)

.stab.exclstr
 *(.stab.exclstr)

.stab.index
 *(.stab.index)

.stab.indexstr
 *(.stab.indexstr)

.comment
 *(.comment)

.debug
 *(.debug)

.line
 *(.line)

.debug_srcinfo
 *(.debug_srcinfo)

.debug_sfnames
 *(.debug_sfnames)

.debug_aranges
 *(.debug_aranges)

.debug_pubnames
 *(.debug_pubnames)

.debug_info
 *(.debug_info)
 *(.gnu.linkonce.wi.*)

.debug_abbrev
 *(.debug_abbrev)

.debug_line
 *(.debug_line)

.debug_frame
 *(.debug_frame)

.debug_str
 *(.debug_str)

.debug_loc
 *(.debug_loc)

.debug_macinfo
 *(.debug_macinfo)
OUTPUT(Kij_T8_nRF24L01.elf elf32-avr)
LOAD linker stubs
